09/09/2025 03:36:14 PM -> *IDN?
09/09/2025 03:36:14 PM <- GW,GDS-806S,RH220253,V1.24

09/09/2025 03:36:14 PM -> a
09/09/2025 03:36:14 PM <- FY3224S

09/09/2025 03:36:14 PM -> *IDN?
09/09/2025 03:36:14 PM <- OWON,SPM3051,23460529,FV:V2.0.0

09/09/2025 03:36:14 PM ->OWON,SPM3051,23460529,FV:V2.0.0: *IDN?
09/09/2025 03:36:14 PM <-OWON,SPM3051,23460529,FV:V2.0.0: OWON,SPM3051,23460529,FV:V2.0.0

09/09/2025 03:36:14 PM ->OWON,SPM3051,23460529,FV:V2.0.0: MEASure:VOLTage?
09/09/2025 03:36:14 PM <-OWON,SPM3051,23460529,FV:V2.0.0: 3.000

09/09/2025 03:36:14 PM ->OWON,SPM3051,23460529,FV:V2.0.0: MEASure:CURRent?
09/09/2025 03:36:14 PM <-OWON,SPM3051,23460529,FV:V2.0.0: 0.000

09/09/2025 03:36:14 PM ->OWON,SPM3051,23460529,FV:V2.0.0: VOLTage?
09/09/2025 03:36:14 PM <-OWON,SPM3051,23460529,FV:V2.0.0: 3.000

09/09/2025 03:36:14 PM ->OWON,SPM3051,23460529,FV:V2.0.0: CURRent?
09/09/2025 03:36:15 PM <-OWON,SPM3051,23460529,FV:V2.0.0: 2.000

09/09/2025 03:36:15 PM ->OWON,SPM3051,23460529,FV:V2.0.0: VOLTage:LIMit?
09/09/2025 03:36:15 PM <-OWON,SPM3051,23460529,FV:V2.0.0: 30.000

09/09/2025 03:36:15 PM ->OWON,SPM3051,23460529,FV:V2.0.0: CURRent:LIMit?
09/09/2025 03:36:15 PM <-OWON,SPM3051,23460529,FV:V2.0.0: 3.000

09/09/2025 03:36:15 PM ->OWON,SPM3051,23460529,FV:V2.0.0: OUTPut?
09/09/2025 03:36:15 PM <-OWON,SPM3051,23460529,FV:V2.0.0: ON

09/09/2025 03:36:15 PM ->OWON,SPM3051,23460529,FV:V2.0.0: VOLTage 3.000
09/09/2025 03:36:15 PM ->OWON,SPM3051,23460529,FV:V2.0.0: CURRent 2.000
09/09/2025 03:36:16 PM ->OWON,SPM3051,23460529,FV:V2.0.0: VOLTage:LIMit 30.000
09/09/2025 03:36:16 PM ->OWON,SPM3051,23460529,FV:V2.0.0: CURRent:LIMit 3.000
09/09/2025 03:36:17 PM ->OWON,SPM3051,23460529,FV:V2.0.0: OUTPut ON
09/09/2025 03:36:17 PM ->FY3224S: a
09/09/2025 03:36:17 PM <-FY3224S: FY3224S

09/09/2025 03:36:17 PM ->FY3224S: bw1
09/09/2025 03:36:18 PM ->FY3224S: bf000101011
09/09/2025 03:36:18 PM ->FY3224S: ba1.1
09/09/2025 03:36:19 PM ->FY3224S: bo2.4
09/09/2025 03:36:19 PM ->FY3224S: bd142.0
09/09/2025 03:36:20 PM ->FY3224S: bu0001234000ns
09/09/2025 03:36:20 PM ->FY3224S: dw4
09/09/2025 03:36:21 PM ->FY3224S: df000101012
09/09/2025 03:36:21 PM ->FY3224S: da1.2
09/09/2025 03:36:22 PM ->FY3224S: do2.5
09/09/2025 03:36:22 PM ->FY3224S: dd143.0
09/09/2025 03:36:23 PM ->FY3224S: dp123
09/09/2025 03:36:23 PM ->FY3224S: bt51
09/09/2025 03:36:24 PM ->FY3224S: bb000001530
09/09/2025 03:36:24 PM ->FY3224S: be000002020
09/09/2025 03:36:25 PM ->FY3224S: bm0
09/09/2025 03:36:25 PM ->FY3224S: br0
09/09/2025 03:36:26 PM ->FY3224S: bc
09/09/2025 03:36:26 PM ->FY3224S: bs2
09/09/2025 03:36:27 PM ->FY3224S: bl2
09/09/2025 03:36:27 PM ->FY3224S: cf
09/09/2025 03:36:28 PM <-FY3224S: cf0000101011
09/09/2025 03:36:28 PM ->FY3224S: cd
09/09/2025 03:36:28 PM <-FY3224S: cd142
09/09/2025 03:36:28 PM ->FY3224S: ct
09/09/2025 03:36:29 PM <-FY3224S: ct51
09/09/2025 03:36:29 PM ->FY3224S: ce
09/09/2025 03:36:29 PM <-FY3224S: ce0000000000
09/09/2025 03:36:29 PM ->FY3224S: cc
09/09/2025 03:36:30 PM <-FY3224S: cc0000000000
09/09/2025 03:36:30 PM ->GW,GDS-806S,RH220253,V1.24: *IDN?
09/09/2025 03:36:30 PM <-GW,GDS-806S,RH220253,V1.24: GW,GDS-806S,RH220253,V1.24

09/09/2025 03:36:30 PM ->GW,GDS-806S,RH220253,V1.24: *ESE?
09/09/2025 03:36:30 PM <-GW,GDS-806S,RH220253,V1.24: 0

09/09/2025 03:36:30 PM ->GW,GDS-806S,RH220253,V1.24: *STB?
09/09/2025 03:36:30 PM <-GW,GDS-806S,RH220253,V1.24: 0

09/09/2025 03:36:30 PM ->GW,GDS-806S,RH220253,V1.24: *CLS
09/09/2025 03:36:31 PM ->GW,GDS-806S,RH220253,V1.24: *LRN?
09/09/2025 03:36:31 PM <-GW,GDS-806S,RH220253,V1.24: :ACQuire:AVERage 1;LENGth 1250;MODe 2;POINt;:ACQuire:AVERage 1;LENGth 1250;MODe 2;POINt;:ACQuire:AVERage 1;LENGth 1250;MODe 2;POINt;:TIMebase:DELay 2.000e-02;SCALe 1.000e-03;SWEep 0;WINDow:DELay 2.000e-02;SCALe 1.000e-09;:TIMebase:DELay 2.000e-02;SCALe 1.000e-03;SWEep 0;WINDow:DELay 2.000e-02;SCALe 1.000e-09;:DISPlay:WAVeform 0;DISPCONTrast 10;GRATicule 0;:DISPlay:WAVeform 0;DISPCONTrast 10;GRATicule 0;:MEASure:SOURce 1;FALL ?;FREQuency ?;NWIDth ?;PDUTy ?;PERiod ?;PWIDth ?;RISe ?;VAMPlitude ?;VAVerage ?;VHI ?;VLO ?;VMAX ?;VMIN ?;VPP ?;VRMS ?;:MEASure:SOURce 2;FALL ?;FREQuency ?;NWIDth ?;PDUTy ?;PERiod ?;PWIDth ?;RISe ?;VAMPlitude ?;VAVerage ?;VHI ?;VLO ?;VMAX ?;VMIN ?;VPP ?;VRMS ?;:AUToset;:PRINt;:REFResh;:RUN;:STOP

09/09/2025 03:36:31 PM ->GW,GDS-806S,RH220253,V1.24: *RST
09/09/2025 03:36:32 PM ->GW,GDS-806S,RH220253,V1.24: *OPC?
09/09/2025 03:36:32 PM <-GW,GDS-806S,RH220253,V1.24: 1

09/09/2025 03:36:32 PM ->GW,GDS-806S,RH220253,V1.24: AUToset
09/09/2025 03:36:32 PM ->GW,GDS-806S,RH220253,V1.24: :RUN
09/09/2025 03:36:33 PM ->GW,GDS-806S,RH220253,V1.24: :STOP
09/09/2025 03:36:33 PM ->GW,GDS-806S,RH220253,V1.24: :ACQuire:MODe 2
09/09/2025 03:36:34 PM ->GW,GDS-806S,RH220253,V1.24: :ACQuire:AVERage 2
09/09/2025 03:36:34 PM ->GW,GDS-806S,RH220253,V1.24: :ACQuire:LENGth 1
09/09/2025 03:36:35 PM ->GW,GDS-806S,RH220253,V1.24: :ACQuire<1>:MEMory?
09/09/2025 03:36:35 PM ->GW,GDS-806S,RH220253,V1.24: :ACQuire<1>:POINt
09/09/2025 03:36:36 PM ->GW,GDS-806S,RH220253,V1.24: :TIMebase:DELay 0.1
09/09/2025 03:36:36 PM ->GW,GDS-806S,RH220253,V1.24: :TIMebase:SCALe 0.001
09/09/2025 03:36:37 PM ->GW,GDS-806S,RH220253,V1.24: :TRIGger:MODe 1
09/09/2025 03:36:37 PM ->GW,GDS-806S,RH220253,V1.24: :TRIGger:TYPe 3
09/09/2025 03:36:38 PM ->GW,GDS-806S,RH220253,V1.24: :TRIGger:SOURce 0
09/09/2025 03:36:38 PM ->GW,GDS-806S,RH220253,V1.24: :TRIGger:COUPle 0
09/09/2025 03:36:39 PM ->GW,GDS-806S,RH220253,V1.24: :TRIGger:LEVel 2.1
09/09/2025 03:36:39 PM ->GW,GDS-806S,RH220253,V1.24: :TRIGger:SLOP 1
09/09/2025 03:36:40 PM ->GW,GDS-806S,RH220253,V1.24: :TRIGger:VIDeo:LINe 2.1
09/09/2025 03:36:40 PM ->GW,GDS-806S,RH220253,V1.24: :TRIGger:VIDeo:POLarity 1
09/09/2025 03:36:41 PM ->GW,GDS-806S,RH220253,V1.24: :CHANnel1::INVert 1
09/09/2025 03:36:42 PM ->GW,GDS-806S,RH220253,V1.24: :CHANnel1:BWLimi 1
09/09/2025 03:36:42 PM ->GW,GDS-806S,RH220253,V1.24: :CHANnel1:BWLimi 0
09/09/2025 03:36:43 PM ->GW,GDS-806S,RH220253,V1.24: :CHANnel1:MATH 2
09/09/2025 03:36:43 PM ->GW,GDS-806S,RH220253,V1.24: :CHANnel1:OFFSet 0.002
09/09/2025 03:36:44 PM ->GW,GDS-806S,RH220253,V1.24: :CHANnel1:PROBe 1
09/09/2025 03:36:44 PM ->GW,GDS-806S,RH220253,V1.24: :CHANnel1:SCALe 0.002
09/09/2025 03:36:45 PM ->GW,GDS-806S,RH220253,V1.24: :MEASure:SOURce  1
09/09/2025 03:36:45 PM ->GW,GDS-806S,RH220253,V1.24: :MEASure:FALL?
09/09/2025 03:36:45 PM <-GW,GDS-806S,RH220253,V1.24: 0.000E+0

09/09/2025 03:36:45 PM ->GW,GDS-806S,RH220253,V1.24: :MEASure:RISe?
09/09/2025 03:36:45 PM <-GW,GDS-806S,RH220253,V1.24: 0.000E+0

09/09/2025 03:36:45 PM ->GW,GDS-806S,RH220253,V1.24: :MEASure:NWIDth?
09/09/2025 03:36:45 PM <-GW,GDS-806S,RH220253,V1.24: 0.000E+0

09/09/2025 03:36:45 PM ->GW,GDS-806S,RH220253,V1.24: :MEASure:PWIDth?
09/09/2025 03:36:45 PM <-GW,GDS-806S,RH220253,V1.24: 0.000E+0

09/09/2025 03:36:45 PM ->GW,GDS-806S,RH220253,V1.24: :MEASure:PDUTy?
09/09/2025 03:36:45 PM <-GW,GDS-806S,RH220253,V1.24: 0.000E+0

09/09/2025 03:36:45 PM ->GW,GDS-806S,RH220253,V1.24: :MEASure:FREQuency?
09/09/2025 03:36:45 PM <-GW,GDS-806S,RH220253,V1.24: 0.000E+0

09/09/2025 03:36:45 PM ->GW,GDS-806S,RH220253,V1.24: :MEASure:PERiod?
09/09/2025 03:36:45 PM <-GW,GDS-806S,RH220253,V1.24: 0.000E+0

09/09/2025 03:36:45 PM ->GW,GDS-806S,RH220253,V1.24: :MEASure:VAMPlitude?
09/09/2025 03:36:46 PM <-GW,GDS-806S,RH220253,V1.24: 0.000E+0

09/09/2025 03:36:46 PM ->GW,GDS-806S,RH220253,V1.24: :MEASure:VAVerage?
09/09/2025 03:36:46 PM <-GW,GDS-806S,RH220253,V1.24: 0.000E+0

09/09/2025 03:36:46 PM ->GW,GDS-806S,RH220253,V1.24: :MEASure:VHI?
09/09/2025 03:36:46 PM <-GW,GDS-806S,RH220253,V1.24: 0.000E+0

09/09/2025 03:36:46 PM ->GW,GDS-806S,RH220253,V1.24: :MEASure:VLO?
09/09/2025 03:36:46 PM <-GW,GDS-806S,RH220253,V1.24: 0.000E+0

09/09/2025 03:36:46 PM ->GW,GDS-806S,RH220253,V1.24: :MEASure:VMAX?
09/09/2025 03:36:46 PM <-GW,GDS-806S,RH220253,V1.24: 0.000E+0

09/09/2025 03:36:46 PM ->GW,GDS-806S,RH220253,V1.24: :MEASure:VMIN?
09/09/2025 03:36:46 PM <-GW,GDS-806S,RH220253,V1.24: 0.000E+0

09/09/2025 03:36:46 PM ->GW,GDS-806S,RH220253,V1.24: :MEASure:VPP?
09/09/2025 03:36:46 PM <-GW,GDS-806S,RH220253,V1.24: 0.000E+0

09/09/2025 03:36:46 PM ->GW,GDS-806S,RH220253,V1.24: :MEASure:VRMS?
09/09/2025 03:36:46 PM <-GW,GDS-806S,RH220253,V1.24: 0.000E+0

09/09/2025 03:36:46 PM ->OWON,SPM3051,23460529,FV:V2.0.0: VOLTage:LIMit 10.000
09/09/2025 03:36:46 PM ->OWON,SPM3051,23460529,FV:V2.0.0: CURRent:LIMit 1.000
09/09/2025 03:36:47 PM ->OWON,SPM3051,23460529,FV:V2.0.0: OUTPut ON
09/09/2025 03:36:48 PM ->FY3224S: bc
09/09/2025 03:36:48 PM ->FY3224S: dw1
09/09/2025 03:36:49 PM ->FY3224S: df000101012
09/09/2025 03:36:49 PM ->FY3224S: da1.2
09/09/2025 03:36:50 PM ->FY3224S: do2.5
09/09/2025 03:36:50 PM ->FY3224S: dd143.0
09/09/2025 03:36:51 PM ->FY3224S: dp123
09/09/2025 03:36:51 PM ->FY3224S: bt51
09/09/2025 03:36:52 PM ->FY3224S: bb000001530
09/09/2025 03:36:52 PM ->FY3224S: be000002020
09/09/2025 03:36:53 PM ->FY3224S: bm0
09/09/2025 03:36:53 PM ->GW,GDS-806S,RH220253,V1.24: *CLS
09/09/2025 03:36:54 PM ->GW,GDS-806S,RH220253,V1.24: *RST
09/09/2025 03:36:54 PM ->GW,GDS-806S,RH220253,V1.24: AUToset
09/09/2025 03:36:55 PM ->GW,GDS-806S,RH220253,V1.24: :ACQuire:MODe 2
09/09/2025 03:36:55 PM ->GW,GDS-806S,RH220253,V1.24: :ACQuire:AVERage 2
09/09/2025 03:36:56 PM ->GW,GDS-806S,RH220253,V1.24: :ACQuire:LENGth 1
09/09/2025 03:36:56 PM ->GW,GDS-806S,RH220253,V1.24: :ACQuire<1>:MEMory?
09/09/2025 03:36:57 PM ->GW,GDS-806S,RH220253,V1.24: :ACQuire<1>:POINt
09/09/2025 03:36:57 PM ->GW,GDS-806S,RH220253,V1.24: :TIMebase:DELay 0.1
09/09/2025 03:36:58 PM ->GW,GDS-806S,RH220253,V1.24: :TIMebase:SCALe 0.001
09/09/2025 03:36:58 PM ->GW,GDS-806S,RH220253,V1.24: :TRIGger:MODe 1
09/09/2025 03:36:59 PM ->GW,GDS-806S,RH220253,V1.24: :TRIGger:TYPe 3
09/09/2025 03:36:59 PM ->GW,GDS-806S,RH220253,V1.24: :TRIGger:SOURce 0
09/09/2025 03:37:00 PM ->GW,GDS-806S,RH220253,V1.24: :TRIGger:COUPle 0
09/09/2025 03:37:00 PM ->GW,GDS-806S,RH220253,V1.24: :TRIGger:LEVel 2.1
09/09/2025 03:37:01 PM ->GW,GDS-806S,RH220253,V1.24: :TRIGger:SLOP 1
09/09/2025 03:37:01 PM ->GW,GDS-806S,RH220253,V1.24: :CHANnel1:BWLimi 0
09/09/2025 03:37:02 PM ->GW,GDS-806S,RH220253,V1.24: :CHANnel1:MATH 2
09/09/2025 03:37:02 PM ->GW,GDS-806S,RH220253,V1.24: :CHANnel1:OFFSet 0.002
09/09/2025 03:37:03 PM ->GW,GDS-806S,RH220253,V1.24: :CHANnel1:PROBe 1
09/09/2025 03:37:03 PM ->GW,GDS-806S,RH220253,V1.24: :CHANnel1:SCALe 0.002
09/09/2025 03:37:04 PM ->GW,GDS-806S,RH220253,V1.24: :MEASure:SOURce  1
09/09/2025 03:37:04 PM ->OWON,SPM3051,23460529,FV:V2.0.0: VOLTage 3.000
09/09/2025 03:37:05 PM ->OWON,SPM3051,23460529,FV:V2.0.0: CURRent 2.000
09/09/2025 03:37:05 PM ->OWON,SPM3051,23460529,FV:V2.0.0: MEASure:VOLTage?
09/09/2025 03:37:05 PM <-OWON,SPM3051,23460529,FV:V2.0.0: 3.000

09/09/2025 03:37:05 PM ->OWON,SPM3051,23460529,FV:V2.0.0: MEASure:CURRent?
09/09/2025 03:37:05 PM <-OWON,SPM3051,23460529,FV:V2.0.0: 0.000

09/09/2025 03:37:05 PM ->OWON,SPM3051,23460529,FV:V2.0.0: VOLTage?
09/09/2025 03:37:05 PM <-OWON,SPM3051,23460529,FV:V2.0.0: 3.000

09/09/2025 03:37:05 PM ->OWON,SPM3051,23460529,FV:V2.0.0: CURRent?
09/09/2025 03:37:06 PM <-OWON,SPM3051,23460529,FV:V2.0.0: 2.000

09/09/2025 03:37:06 PM ->FY3224S: cf
09/09/2025 03:37:06 PM <-FY3224S: cf0000101011
09/09/2025 03:37:06 PM ->FY3224S: cd
09/09/2025 03:37:07 PM <-FY3224S: cd142
09/09/2025 03:37:07 PM ->FY3224S: ct
09/09/2025 03:37:07 PM <-FY3224S: ct51
09/09/2025 03:37:07 PM ->FY3224S: ce
09/09/2025 03:37:08 PM <-FY3224S: ce0000000000
09/09/2025 03:37:08 PM ->FY3224S: cc
09/09/2025 03:37:08 PM <-FY3224S: cc0000000000
09/09/2025 03:37:08 PM ->FY3224S: br0
09/09/2025 03:37:09 PM ->GW,GDS-806S,RH220253,V1.24: :RUN
09/09/2025 03:37:09 PM ->GW,GDS-806S,RH220253,V1.24: :MEASure:VAMPlitude?
09/09/2025 03:37:09 PM <-GW,GDS-806S,RH220253,V1.24: 0.000E+0

09/09/2025 03:37:09 PM ->GW,GDS-806S,RH220253,V1.24: :MEASure:VAVerage?
09/09/2025 03:37:09 PM <-GW,GDS-806S,RH220253,V1.24: 0.000E+0

09/09/2025 03:37:09 PM ->GW,GDS-806S,RH220253,V1.24: :MEASure:VHI?
09/09/2025 03:37:09 PM <-GW,GDS-806S,RH220253,V1.24: 0.000E+0

09/09/2025 03:37:09 PM ->GW,GDS-806S,RH220253,V1.24: :MEASure:VLO?
09/09/2025 03:37:09 PM <-GW,GDS-806S,RH220253,V1.24: 0.000E+0

09/09/2025 03:37:09 PM ->GW,GDS-806S,RH220253,V1.24: :MEASure:VMAX?
09/09/2025 03:37:09 PM <-GW,GDS-806S,RH220253,V1.24: 0.000E+0

09/09/2025 03:37:09 PM ->GW,GDS-806S,RH220253,V1.24: :MEASure:VMIN?
09/09/2025 03:37:09 PM <-GW,GDS-806S,RH220253,V1.24: 0.000E+0

09/09/2025 03:37:09 PM ->GW,GDS-806S,RH220253,V1.24: :MEASure:VPP?
09/09/2025 03:37:10 PM <-GW,GDS-806S,RH220253,V1.24: 0.000E+0

09/09/2025 03:37:10 PM ->GW,GDS-806S,RH220253,V1.24: :MEASure:VRMS?
09/09/2025 03:37:10 PM <-GW,GDS-806S,RH220253,V1.24: 0.000E+0

09/09/2025 03:37:10 PM ->GW,GDS-806S,RH220253,V1.24: :STOP
